{
    "list":
    {
        "description": "First Man Standing",
        "schematic": "test/hero1a",
        "author":"Codiphi Developer",
        "author_email":"development@flipstone.com",
        "variant": "legal",
        "version": "1",
        "cost_measure":"points",
        "model":{
            "type":"hero",
            "cost":100,
            "description":"Neo",
            "count":1
        },
        "cost":100
    }
}
