--- 
list: 
  description: First Man Standing
  schematic: test/hero2
  author: Codiphi Developer
  author_email: development@flipstone.com
  variant: nested legal
  notes: exceeds permits
  version: "1"
  unit: 
  - type: hero-squad
    model: 
    - type: hero
      description: Neo
      count: 5
list-errors: 
- At most 3 hero models expected on list
