--- 
list: 
  description: First Man Standing
  schematic: test/hero1
  author: Codiphi Developer
  author_email: development@flipstone.com
  variant: legal
  version: "1"
  model: 
  - type: hero
    description: Neo
    count: 1
    cost: 100
  cost_measure: points
  cost: 100
