--- 
list: 
  description: First Man Standing
  schematic: test/hero2
  author: Codiphi Developer
  author_email: development@flipstone.com
  variant: nested legal
  notes: removing node
  version: "1"
  unit: 
  - type: hero-squad
    model: 
    - type: hero
      description: Neo
      count: 3
      weapon: 
      - type: sword
        cool_thing: magical
      - type: super_atom_bomb
        ammunition: untracked_attribute
      - type: shotgun
        ammunition: hellfire_rounds
list-errors:
  - Weapon type 'super_atom_bomb' not defined in schematic.
  - Ammunition type 'untracked_attribute' not defined in schematic.