{
    "list":
    {
        "description": "First Man Standing",
        "schematic": "test/hero1",
        "author":"Codiphi Developer",
        "author_email":"development@flipstone.com",
        "variant": "illegal",
        "notes":"bad model id",
        "version": "1",
        "model":{
            "type":"hero-godling",
            "description":"Neo",
            "count":1
        }
    },
    "list-errors":
      [ "At least 1 hero model required in list",
        "Model hero-godling not permitted in list" ]
}
