--- 
list: 
  description: First Man Standing
  schematic: test/hero2
  author: Codiphi Developer
  author_email: development@flipstone.com
  variant: nested legal
  notes: negative cost
  version: "1"
  unit: 
  - type: hero-squad
    model: 
    - type: hero
      description: Neo
      count: 3
      weapon:
          type: sword
          cost: -50
      cost: 100
  cost_measure: points
  cost: 150

