--- 
list: 
  description: First Man Standing
  schematic: test/hero1
  author: Codiphi Developer
  author_email: development@flipstone.com
  variant: nested legal
  notes: hero should qualify even under the unit node
  version: "1"
  unit: 
  - type: hero-squad
    model: 
    - type: hero
      description: Neo
      count: 2
      cost: 100
  cost_measure: points
  cost: 200
